\BOOKMARK [1][-]{section.1}{\376\377\000I\000n\000t\000r\000o\000d\000u\000c\000t\000i\000o\000n}{}% 1
\BOOKMARK [1][-]{section.2}{\376\377\000R\000e\000l\000a\000t\000e\000d\000\040\000W\000o\000r\000k}{}% 2
\BOOKMARK [1][-]{section.3}{\376\377\000V\000o\000t\000I\000E\000\040\000T\000a\000s\000k\000\040\000D\000e\000f\000i\000n\000i\000t\000i\000o\000n}{}% 3
\BOOKMARK [1][-]{section.4}{\376\377\000E\000x\000p\000e\000r\000i\000m\000e\000n\000t\000a\000l\000\040\000S\000e\000t\000u\000p}{}% 4
\BOOKMARK [1][-]{section.5}{\376\377\000R\000e\000s\000u\000l\000t\000s\000\040\000a\000n\000d\000\040\000D\000i\000s\000c\000u\000s\000s\000i\000o\000n}{}% 5
\BOOKMARK [1][-]{section.6}{\376\377\000E\000r\000r\000o\000r\000\040\000A\000n\000a\000l\000y\000s\000i\000s}{}% 6
\BOOKMARK [1][-]{section.7}{\376\377\000C\000o\000n\000c\000l\000u\000s\000i\000o\000n}{}% 7
\BOOKMARK [1][-]{section.8}{\376\377\000L\000i\000m\000i\000t\000a\000t\000i\000o\000n\000s}{}% 8
\BOOKMARK [1][-]{section.9}{\376\377\000E\000t\000h\000i\000c\000a\000l\000\040\000C\000o\000n\000s\000i\000d\000e\000r\000a\000t\000i\000o\000n\000s}{}% 9
\BOOKMARK [1][-]{appendix.A}{\376\377\000P\000r\000o\000m\000p\000t\000s}{}% 10
\BOOKMARK [2][-]{subsection.A.1}{\376\377\000S\000y\000s\000t\000e\000m\000\040\000I\000n\000s\000t\000r\000u\000c\000t\000i\000o\000n\000s\000\040\000a\000n\000d\000\040\000T\000a\000x\000o\000n\000o\000m\000y}{appendix.A}% 11
\BOOKMARK [2][-]{subsection.A.2}{\376\377\000F\000e\000w\000-\000S\000h\000o\000t\000\040\000D\000e\000m\000o\000n\000s\000t\000r\000a\000t\000i\000o\000n\000s}{appendix.A}% 12
\BOOKMARK [1][-]{appendix.B}{\376\377\000D\000a\000t\000a\000s\000e\000t\000\040\000S\000t\000a\000t\000i\000s\000t\000i\000c\000s}{}% 13
\BOOKMARK [2][-]{subsection.B.1}{\376\377\000C\000o\000r\000p\000u\000s\000\040\000O\000v\000e\000r\000v\000i\000e\000w}{appendix.B}% 14
\BOOKMARK [2][-]{subsection.B.2}{\376\377\000E\000n\000t\000i\000t\000y\000\040\000T\000y\000p\000e\000\040\000D\000i\000s\000t\000r\000i\000b\000u\000t\000i\000o\000n}{appendix.B}% 15
\BOOKMARK [2][-]{subsection.B.3}{\376\377\000P\000e\000r\000-\000M\000u\000n\000i\000c\000i\000p\000a\000l\000i\000t\000y\000\040\000D\000i\000s\000t\000r\000i\000b\000u\000t\000i\000o\000n}{appendix.B}% 16
\BOOKMARK [2][-]{subsection.B.4}{\376\377\000S\000e\000g\000m\000e\000n\000t\000\040\000a\000n\000d\000\040\000S\000p\000a\000n\000\040\000L\000e\000n\000g\000t\000h\000\040\000S\000t\000a\000t\000i\000s\000t\000i\000c\000s}{appendix.B}% 17
\BOOKMARK [2][-]{subsection.B.5}{\376\377\000T\000r\000a\000i\000n\000i\000n\000g\000\040\000O\000v\000e\000r\000s\000a\000m\000p\000l\000i\000n\000g}{appendix.B}% 18
\BOOKMARK [1][-]{appendix.C}{\376\377\000M\000o\000d\000e\000l\000\040\000A\000r\000c\000h\000i\000t\000e\000c\000t\000u\000r\000e\000s\000\040\000a\000n\000d\000\040\000C\000o\000m\000p\000u\000t\000a\000t\000i\000o\000n\000a\000l\000\040\000B\000u\000d\000g\000e\000t}{}% 19
\BOOKMARK [1][-]{appendix.D}{\376\377\000D\000e\000t\000a\000i\000l\000e\000d\000\040\000P\000e\000r\000-\000E\000n\000t\000i\000t\000y\000-\000T\000y\000p\000e\000\040\000R\000e\000s\000u\000l\000t\000s}{}% 20
